Script started on Mon May 21 22:13:18 2012
[?1034hbash-3.2$ ls
Gemfile		app		doc		script		vendor
Gemfile.lock	config		lib		test
README.rdoc	config.ru	log		tmp
Rakefile	db		public		typescript
bash-3.2$ cd ..
bash-3.2$ typsecript
bash: typsecript: command not found
bash-3.2$ typescr[K[K[K[K[K[K[K
bash-3.2$ t[Kcd
bash-3.2$ cd script
bash: cd: script: No such file or directory
bash-3.2$ ls
Applications			cs61c-fr@star.cs.berkeley.edu
Desktop				first.h
Documents			first.m
Downloads			hello.txt
Dropbox				limited-tests
Library				mbox
Movies				proj3
Music				results.html
Pictures			sgemm-openmp1.h
Public				sgemm-ot[Kcd
bash-3.2$ cd script
bash: cd: script: No such file or directory
bash-3.2$ ls
Applications			cs61c-fr@star.cs.berkeley.edu
Desktop				first.h
Documents			first.m
Downloads			hello.txt
Dropbox				limited-tests
Library				mbox
Movies				projcd rails-[K_projects/
bash-3.2$ cd first_app/
bash-3.2$ ls
Gemfile		app		doc		script		vendor
Gemfile.lock	config		lib		test
README.rdoc	config.ru	log		tmp
Rakefile	db		public		typescript
bash-3.2$ cd script
bash-3.2$ ls
rails
bash-3.2$ ls
rails
bash-3.2$ rails
Usage: rails COMMAND [ARGS]

The most common rails commands are:
 generate    Generate new code (short-cut alias: "g")
 console     Start the Rails console (short-cut alias: "c")
 server      Start the Rails server (short-cut alias: "s")
 dbconsole   Start a console for the database specified in config/database.yml
             (short-cut alias: "db")
 new         Create a new Rails application. "rails new my_app" creates a
             new application called MyApp in "./my_app"

In addition to those, there are:
 application  Generate the Rails application code
 destroy      Undo code generated with "generate" (short-cut alias: "d")
 benchmarker  See how fast a piece of code runs
 profiler     Get profile information from a piece of code
 plugin       Install a plugin
 runner       Run a piece of code in the application environment (short-cut alias: "r")

All commands can be run with -h (or --help) for more information.
bash-3.2$ ls
rails
bash-3.2$ cd rails
bash: cd: rails: Not a directory
bash-3.2$ ls
rails
bash-3.2$ rails rails
Error: Command not recognized
Usage: rails COMMAND [ARGS]

The most common rails commands are:
 generate    Generate new code (short-cut alias: "g")
 console     Start the Rails console (short-cut alias: "c")
 server      Start the Rails server (short-cut alias: "s")
 dbconsole   Start a console for the database specified in config/database.yml
             (short-cut alias: "db")
 new         Create a new Rails application. "rails new my_app" creates a
             new application called MyApp in "./my_app"

In addition to those, there are:
 application  Generate the Rails application code
 destroy      Undo code generated with "generate" (short-cut alias: "d")
 benchmarker  See how fast a piece of code runs
 profiler     Get profile information from a piece of code
 plugin       Install a plugin
 runner       Run a piece of code in the application environment (short-cut alias: "r")

All commands can be run with -h (or --help) for more information.
bash-3.2$ t-cut alias: "d")
 benchmarker  See how fast a piece of code runs
 profiler     Get profile information from a piece of code
 plugin       Install a plugin
 runner       Run a piece of code in the application environment (short-cut alias: "r")

All commands can be run with -h (or --help) for more information.
bash-3.2$ 